array_index=25 -> tier=easy, encoder=gnn, seed=0
[pool] tier=easy n_train=812 n_test=203 train_fp=5273f45be21869b2 test_fp=601ae1a38f60f29f
[start] run_tag=easy_gnn_seed0 start_iteration=0 n_iterations=3000 entropy_coef=0.01 commit=3f465e0fb5ef34405dd42804c112fb5eb0df9a97
[checkpoint] iter=  300 (sample n=100x10) entropy=1.9396 greedy=19.40% stochastic=30.10% gap=+10.70% elapsed=1324s
[checkpoint-saved] iter=300
[checkpoint] iter=  600 (sample n=100x10) entropy=1.7452 greedy=19.80% stochastic=29.10% gap=+9.30% elapsed=2816s
[checkpoint-saved] iter=600
[checkpoint] iter=  900 (sample n=100x10) entropy=1.9192 greedy=16.90% stochastic=30.50% gap=+13.60% elapsed=4192s
[checkpoint-saved] iter=900
[checkpoint] iter= 1200 (sample n=100x10) entropy=1.9323 greedy=15.70% stochastic=28.50% gap=+12.80% elapsed=5783s
[checkpoint-saved] iter=1200
[checkpoint] iter= 1500 (sample n=100x10) entropy=1.7578 greedy=21.00% stochastic=31.50% gap=+10.50% elapsed=7213s
[checkpoint-saved] iter=1500
[checkpoint] iter= 1800 (sample n=100x10) entropy=1.8462 greedy=23.10% stochastic=31.70% gap=+8.60% elapsed=8665s
[checkpoint-saved] iter=1800
[checkpoint] iter= 2100 (sample n=100x10) entropy=1.8846 greedy=16.20% stochastic=29.10% gap=+12.90% elapsed=10137s
[checkpoint-saved] iter=2100
[checkpoint] iter= 2400 (sample n=100x10) entropy=1.8736 greedy=16.10% stochastic=31.80% gap=+15.70% elapsed=11506s
[checkpoint-saved] iter=2400
[checkpoint] iter= 2700 (FULL n=203x30) entropy=1.9231 greedy=25.02% stochastic=34.45% gap=+9.43% elapsed=13381s
[checkpoint-saved] iter=2700
[checkpoint] iter= 3000 (FULL n=203x30) entropy=1.8646 greedy=40.44% stochastic=42.68% gap=+2.23% elapsed=15160s
[checkpoint-saved] iter=3000
[done] run_tag=easy_gnn_seed0 wrote sweep_results/easy_gnn_seed0.json (greedy=40.44%, stochastic=42.68%)
