array_index=16 -> tier=medium, encoder=cnn, seed=1
[pool] tier=medium n_train=708 n_test=175 train_fp=46cc988a095f337b test_fp=1c494eb02a001f06
[start] run_tag=medium_cnn_seed1 start_iteration=0 n_iterations=3000 entropy_coef=0.01 commit=3f465e0fb5ef34405dd42804c112fb5eb0df9a97
[checkpoint] iter=  300 (sample n=100x10) entropy=1.9930 greedy=16.90% stochastic=29.70% gap=+12.80% elapsed=1351s
[checkpoint-saved] iter=300
[checkpoint] iter=  600 (sample n=100x10) entropy=1.9767 greedy=12.60% stochastic=29.90% gap=+17.30% elapsed=2729s
[checkpoint-saved] iter=600
[checkpoint] iter=  900 (sample n=100x10) entropy=1.8858 greedy=24.50% stochastic=35.40% gap=+10.90% elapsed=4127s
[checkpoint-saved] iter=900
[checkpoint] iter= 1200 (sample n=100x10) entropy=1.7535 greedy=20.30% stochastic=40.50% gap=+20.20% elapsed=5814s
[checkpoint-saved] iter=1200
[checkpoint] iter= 1500 (sample n=100x10) entropy=1.7091 greedy=19.10% stochastic=42.30% gap=+23.20% elapsed=7395s
[checkpoint-saved] iter=1500
[checkpoint] iter= 1800 (sample n=100x10) entropy=1.5744 greedy=23.00% stochastic=41.60% gap=+18.60% elapsed=8881s
[checkpoint-saved] iter=1800
[checkpoint] iter= 2100 (sample n=100x10) entropy=1.5173 greedy=25.30% stochastic=40.80% gap=+15.50% elapsed=10292s
[checkpoint-saved] iter=2100
[checkpoint] iter= 2400 (sample n=100x10) entropy=1.5557 greedy=25.50% stochastic=37.40% gap=+11.90% elapsed=11549s
[checkpoint-saved] iter=2400
[checkpoint] iter= 2700 (FULL n=175x30) entropy=1.6366 greedy=32.25% stochastic=47.12% gap=+14.88% elapsed=14390s
[checkpoint-saved] iter=2700
[checkpoint] iter= 3000 (FULL n=175x30) entropy=1.4432 greedy=29.35% stochastic=45.75% gap=+16.40% elapsed=16710s
[checkpoint-saved] iter=3000
[done] run_tag=medium_cnn_seed1 wrote sweep_results/medium_cnn_seed1.json (greedy=29.35%, stochastic=45.75%)
