array_index=9 -> tier=easy, encoder=vrep, seed=4
[pool] tier=easy n_train=812 n_test=203 train_fp=5273f45be21869b2 test_fp=601ae1a38f60f29f
[start] run_tag=easy_vrep_seed4 start_iteration=0 n_iterations=3000 entropy_coef=0.01 commit=3f465e0fb5ef34405dd42804c112fb5eb0df9a97
[checkpoint] iter=  300 (sample n=100x10) entropy=0.9836 greedy=21.30% stochastic=31.00% gap=+9.70% elapsed=3743s
[checkpoint-saved] iter=300
[checkpoint] iter=  600 (sample n=100x10) entropy=0.1256 greedy=18.30% stochastic=21.10% gap=+2.80% elapsed=7778s
[checkpoint-saved] iter=600
[checkpoint] iter=  900 (sample n=100x10) entropy=1.0572 greedy=21.20% stochastic=31.00% gap=+9.80% elapsed=11423s
[checkpoint-saved] iter=900
[checkpoint] iter= 1200 (sample n=100x10) entropy=0.7438 greedy=16.00% stochastic=18.10% gap=+2.10% elapsed=15355s
[checkpoint-saved] iter=1200
[checkpoint] iter= 1500 (sample n=100x10) entropy=1.6061 greedy=20.00% stochastic=31.30% gap=+11.30% elapsed=19135s
[checkpoint-saved] iter=1500
[checkpoint] iter= 1800 (sample n=100x10) entropy=1.4815 greedy=20.80% stochastic=31.50% gap=+10.70% elapsed=22796s
[checkpoint-saved] iter=1800
[checkpoint] iter= 2100 (sample n=100x10) entropy=1.6209 greedy=15.40% stochastic=28.90% gap=+13.50% elapsed=26503s
[checkpoint-saved] iter=2100
[checkpoint] iter= 2400 (sample n=100x10) entropy=1.7627 greedy=14.40% stochastic=30.30% gap=+15.90% elapsed=30451s
[checkpoint-saved] iter=2400
[checkpoint] iter= 2700 (FULL n=203x30) entropy=1.8142 greedy=13.68% stochastic=38.59% gap=+24.91% elapsed=37247s
[checkpoint-saved] iter=2700
[checkpoint] iter= 3000 (FULL n=203x30) entropy=1.7714 greedy=35.62% stochastic=45.45% gap=+9.84% elapsed=42917s
[checkpoint-saved] iter=3000
[done] run_tag=easy_vrep_seed4 wrote sweep_results/easy_vrep_seed4.json (greedy=35.62%, stochastic=45.45%)
