array_index=9 -> tier=hard, encoder=vrep, seed=4
[pool] tier=hard n_train=694 n_test=168 train_fp=764cc4977f8b6665 test_fp=9516aee04fea91a8
[resume] hard_vrep_seed4 loaded checkpoint at iteration=600, episode_count=6288, train_sim_violations=0
[start] run_tag=hard_vrep_seed4 start_iteration=600 n_iterations=3000 entropy_coef=0.01 commit=68fb953cf6ed58a047dd9cf9da4254bfbcfc0963
[checkpoint] iter=  900 (sample n=100x10) entropy=0.0433 greedy=12.90% stochastic=13.70% gap=+0.80% sim_violations(train_cum=0, eval_this_ckpt=0) elapsed=5781s
[checkpoint-saved] iter=900
[checkpoint] iter= 1200 (sample n=100x10) entropy=0.1196 greedy=12.90% stochastic=14.50% gap=+1.60% sim_violations(train_cum=2, eval_this_ckpt=0) elapsed=10769s
[checkpoint-saved] iter=1200
[checkpoint] iter= 1500 (sample n=100x10) entropy=0.0153 greedy=12.90% stochastic=13.10% gap=+0.20% sim_violations(train_cum=3, eval_this_ckpt=0) elapsed=15940s
[checkpoint-saved] iter=1500
[checkpoint] iter= 1800 (sample n=100x10) entropy=0.0406 greedy=12.90% stochastic=13.20% gap=+0.30% sim_violations(train_cum=4, eval_this_ckpt=0) elapsed=21025s
[checkpoint-saved] iter=1800
[checkpoint] iter= 2100 (sample n=100x10) entropy=0.2836 greedy=12.90% stochastic=18.40% gap=+5.50% sim_violations(train_cum=4, eval_this_ckpt=0) elapsed=26911s
[checkpoint-saved] iter=2100
[checkpoint] iter= 2400 (sample n=100x10) entropy=1.4999 greedy=11.50% stochastic=31.10% gap=+19.60% sim_violations(train_cum=9, eval_this_ckpt=5) elapsed=35374s
[checkpoint-saved] iter=2400
[checkpoint] iter= 2700 (FULL n=168x30) entropy=1.8637 greedy=18.81% stochastic=29.44% gap=+10.63% sim_violations(train_cum=16, eval_this_ckpt=53) elapsed=46399s
[checkpoint-saved] iter=2700
[checkpoint] iter= 3000 (FULL n=168x30) entropy=1.4253 greedy=12.78% stochastic=24.54% gap=+11.77% sim_violations(train_cum=22, eval_this_ckpt=84) elapsed=62261s
[checkpoint-saved] iter=3000
[done] run_tag=hard_vrep_seed4 wrote sweep_results/hard_vrep_seed4.json (greedy=12.78%, stochastic=24.54%, train_sim_violations=22, final_eval_sim_violations=84)
