array_index=27 -> tier=medium, encoder=gnn, seed=2
[pool] tier=medium n_train=708 n_test=175 train_fp=46cc988a095f337b test_fp=1c494eb02a001f06
[start] run_tag=medium_gnn_seed2 start_iteration=0 n_iterations=3000 entropy_coef=0.01 commit=3f465e0fb5ef34405dd42804c112fb5eb0df9a97
[checkpoint] iter=  300 (sample n=100x10) entropy=1.7689 greedy=20.90% stochastic=26.80% gap=+5.90% elapsed=2285s
[checkpoint-saved] iter=300
[checkpoint] iter=  600 (sample n=100x10) entropy=1.8624 greedy=19.30% stochastic=29.70% gap=+10.40% elapsed=4626s
[checkpoint-saved] iter=600
[checkpoint] iter=  900 (sample n=100x10) entropy=1.9891 greedy=23.80% stochastic=29.80% gap=+6.00% elapsed=6665s
[checkpoint-saved] iter=900
[checkpoint] iter= 1200 (sample n=100x10) entropy=1.9757 greedy=29.40% stochastic=29.20% gap=-0.20% elapsed=8687s
[checkpoint-saved] iter=1200
[checkpoint] iter= 1500 (sample n=100x10) entropy=1.9989 greedy=27.60% stochastic=29.20% gap=+1.60% elapsed=10720s
[checkpoint-saved] iter=1500
[checkpoint] iter= 1800 (sample n=100x10) entropy=1.7401 greedy=7.80% stochastic=27.00% gap=+19.20% elapsed=13466s
[checkpoint-saved] iter=1800
[checkpoint] iter= 2100 (sample n=100x10) entropy=1.8503 greedy=6.70% stochastic=28.20% gap=+21.50% elapsed=16204s
[checkpoint-saved] iter=2100
[checkpoint] iter= 2400 (sample n=100x10) entropy=1.7442 greedy=7.80% stochastic=27.10% gap=+19.30% elapsed=18986s
[checkpoint-saved] iter=2400
[checkpoint] iter= 2700 (FULL n=175x30) entropy=1.8206 greedy=12.44% stochastic=28.08% gap=+15.64% elapsed=24740s
[checkpoint-saved] iter=2700
[checkpoint] iter= 3000 (FULL n=175x30) entropy=1.8794 greedy=15.81% stochastic=28.53% gap=+12.72% elapsed=27689s
[checkpoint-saved] iter=3000
[done] run_tag=medium_gnn_seed2 wrote sweep_results/medium_gnn_seed2.json (greedy=15.81%, stochastic=28.53%)
