array_index=27 -> tier=easy, encoder=gnn, seed=2
[pool] tier=easy n_train=812 n_test=203 train_fp=5273f45be21869b2 test_fp=601ae1a38f60f29f
[start] run_tag=easy_gnn_seed2 start_iteration=0 n_iterations=3000 entropy_coef=0.01 commit=3f465e0fb5ef34405dd42804c112fb5eb0df9a97
[checkpoint] iter=  300 (sample n=100x10) entropy=1.8234 greedy=14.40% stochastic=27.90% gap=+13.50% elapsed=1597s
[checkpoint-saved] iter=300
[checkpoint] iter=  600 (sample n=100x10) entropy=1.9482 greedy=7.50% stochastic=33.10% gap=+25.60% elapsed=3262s
[checkpoint-saved] iter=600
[checkpoint] iter=  900 (sample n=100x10) entropy=1.9438 greedy=19.30% stochastic=29.60% gap=+10.30% elapsed=4659s
[checkpoint-saved] iter=900
[checkpoint] iter= 1200 (sample n=100x10) entropy=1.5258 greedy=17.80% stochastic=28.00% gap=+10.20% elapsed=6070s
[checkpoint-saved] iter=1200
[checkpoint] iter= 1500 (sample n=100x10) entropy=1.8300 greedy=21.80% stochastic=30.00% gap=+8.20% elapsed=7526s
[checkpoint-saved] iter=1500
[checkpoint] iter= 1800 (sample n=100x10) entropy=1.9303 greedy=18.00% stochastic=29.70% gap=+11.70% elapsed=8867s
[checkpoint-saved] iter=1800
[checkpoint] iter= 2100 (sample n=100x10) entropy=1.9579 greedy=29.80% stochastic=34.30% gap=+4.50% elapsed=10136s
[checkpoint-saved] iter=2100
[checkpoint] iter= 2400 (sample n=100x10) entropy=1.9102 greedy=30.20% stochastic=34.30% gap=+4.10% elapsed=11400s
[checkpoint-saved] iter=2400
[checkpoint] iter= 2700 (FULL n=203x30) entropy=1.9017 greedy=27.80% stochastic=33.71% gap=+5.91% elapsed=13272s
[checkpoint-saved] iter=2700
[checkpoint] iter= 3000 (FULL n=203x30) entropy=1.8686 greedy=27.27% stochastic=36.09% gap=+8.82% elapsed=15293s
[checkpoint-saved] iter=3000
[done] run_tag=easy_gnn_seed2 wrote sweep_results/easy_gnn_seed2.json (greedy=27.27%, stochastic=36.09%)
