array_index=15 -> tier=medium, encoder=cnn, seed=0
[pool] tier=medium n_train=708 n_test=175 train_fp=46cc988a095f337b test_fp=1c494eb02a001f06
[start] run_tag=medium_cnn_seed0 start_iteration=0 n_iterations=3000 entropy_coef=0.01 commit=3f465e0fb5ef34405dd42804c112fb5eb0df9a97
[checkpoint] iter=  300 (sample n=100x10) entropy=1.9389 greedy=20.80% stochastic=29.10% gap=+8.30% elapsed=1439s
[checkpoint-saved] iter=300
[checkpoint] iter=  600 (sample n=100x10) entropy=1.9579 greedy=17.50% stochastic=28.70% gap=+11.20% elapsed=2794s
[checkpoint-saved] iter=600
[checkpoint] iter=  900 (sample n=100x10) entropy=1.8861 greedy=15.10% stochastic=28.90% gap=+13.80% elapsed=4556s
[checkpoint-saved] iter=900
[checkpoint] iter= 1200 (sample n=100x10) entropy=1.9065 greedy=13.10% stochastic=27.80% gap=+14.70% elapsed=6168s
[checkpoint-saved] iter=1200
[checkpoint] iter= 1500 (sample n=100x10) entropy=1.8850 greedy=12.80% stochastic=26.90% gap=+14.10% elapsed=8006s
[checkpoint-saved] iter=1500
[checkpoint] iter= 1800 (sample n=100x10) entropy=1.8162 greedy=23.80% stochastic=38.80% gap=+15.00% elapsed=9765s
[checkpoint-saved] iter=1800
[checkpoint] iter= 2100 (sample n=100x10) entropy=1.7249 greedy=23.60% stochastic=41.90% gap=+18.30% elapsed=11533s
[checkpoint-saved] iter=2100
[checkpoint] iter= 2400 (sample n=100x10) entropy=1.7374 greedy=22.70% stochastic=38.50% gap=+15.80% elapsed=13348s
[checkpoint-saved] iter=2400
[checkpoint] iter= 2700 (FULL n=175x30) entropy=1.5262 greedy=32.32% stochastic=47.24% gap=+14.91% elapsed=16895s
[checkpoint-saved] iter=2700
[checkpoint] iter= 3000 (FULL n=175x30) entropy=1.7297 greedy=33.10% stochastic=45.68% gap=+12.57% elapsed=20609s
[checkpoint-saved] iter=3000
[done] run_tag=medium_cnn_seed0 wrote sweep_results/medium_cnn_seed0.json (greedy=33.10%, stochastic=45.68%)
