array_index=19 -> tier=hard, encoder=cnn, seed=4
[pool] tier=hard n_train=694 n_test=168 train_fp=764cc4977f8b6665 test_fp=9516aee04fea91a8
[start] run_tag=hard_cnn_seed4 start_iteration=0 n_iterations=3000 entropy_coef=0.01 commit=68fb953cf6ed58a047dd9cf9da4254bfbcfc0963
[checkpoint] iter=  300 (sample n=100x10) entropy=1.6519 greedy=18.00% stochastic=28.40% gap=+10.40% sim_violations(train_cum=3, eval_this_ckpt=31) elapsed=5257s
[checkpoint-saved] iter=300
[checkpoint] iter=  600 (sample n=100x10) entropy=1.8154 greedy=19.00% stochastic=34.20% gap=+15.20% sim_violations(train_cum=4, eval_this_ckpt=20) elapsed=10096s
[checkpoint-saved] iter=600
[checkpoint] iter=  900 (sample n=100x10) entropy=1.8168 greedy=19.00% stochastic=29.90% gap=+10.90% sim_violations(train_cum=7, eval_this_ckpt=34) elapsed=14026s
[checkpoint-saved] iter=900
[checkpoint] iter= 1200 (sample n=100x10) entropy=1.8753 greedy=20.30% stochastic=32.00% gap=+11.70% sim_violations(train_cum=12, eval_this_ckpt=31) elapsed=17545s
[checkpoint-saved] iter=1200
[checkpoint] iter= 1500 (sample n=100x10) entropy=1.8340 greedy=14.00% stochastic=30.40% gap=+16.40% sim_violations(train_cum=14, eval_this_ckpt=42) elapsed=21118s
[checkpoint-saved] iter=1500
[checkpoint] iter= 1800 (sample n=100x10) entropy=1.7589 greedy=15.30% stochastic=30.10% gap=+14.80% sim_violations(train_cum=19, eval_this_ckpt=37) elapsed=26678s
[checkpoint-saved] iter=1800
[checkpoint] iter= 2100 (sample n=100x10) entropy=1.6905 greedy=17.80% stochastic=32.00% gap=+14.20% sim_violations(train_cum=21, eval_this_ckpt=32) elapsed=30457s
[checkpoint-saved] iter=2100
[checkpoint] iter= 2400 (sample n=100x10) entropy=1.8565 greedy=19.80% stochastic=34.00% gap=+14.20% sim_violations(train_cum=24, eval_this_ckpt=52) elapsed=34487s
[checkpoint-saved] iter=2400
[checkpoint] iter= 2700 (FULL n=168x30) entropy=1.7986 greedy=12.24% stochastic=27.14% gap=+14.90% sim_violations(train_cum=27, eval_this_ckpt=167) elapsed=42690s
[checkpoint-saved] iter=2700
[checkpoint] iter= 3000 (FULL n=168x30) entropy=1.6898 greedy=12.92% stochastic=25.14% gap=+12.22% sim_violations(train_cum=33, eval_this_ckpt=161) elapsed=58324s
[checkpoint-saved] iter=3000
[done] run_tag=hard_cnn_seed4 wrote sweep_results/hard_cnn_seed4.json (greedy=12.92%, stochastic=25.14%, train_sim_violations=33, final_eval_sim_violations=161)
