array_index=15 -> tier=easy, encoder=cnn, seed=0
[pool] tier=easy n_train=812 n_test=203 train_fp=5273f45be21869b2 test_fp=601ae1a38f60f29f
[start] run_tag=easy_cnn_seed0 start_iteration=0 n_iterations=3000 entropy_coef=0.01 commit=3f465e0fb5ef34405dd42804c112fb5eb0df9a97
[checkpoint] iter=  300 (sample n=100x10) entropy=1.9463 greedy=16.90% stochastic=31.60% gap=+14.70% elapsed=1124s
[checkpoint-saved] iter=300
[checkpoint] iter=  600 (sample n=100x10) entropy=1.8606 greedy=15.40% stochastic=28.90% gap=+13.50% elapsed=2422s
[checkpoint-saved] iter=600
[checkpoint] iter=  900 (sample n=100x10) entropy=1.7389 greedy=25.90% stochastic=40.20% gap=+14.30% elapsed=3545s
[checkpoint-saved] iter=900
[checkpoint] iter= 1200 (sample n=100x10) entropy=1.7109 greedy=28.40% stochastic=44.70% gap=+16.30% elapsed=4779s
[checkpoint-saved] iter=1200
[checkpoint] iter= 1500 (sample n=100x10) entropy=1.4435 greedy=32.00% stochastic=48.40% gap=+16.40% elapsed=5980s
[checkpoint-saved] iter=1500
[checkpoint] iter= 1800 (sample n=100x10) entropy=1.6526 greedy=36.70% stochastic=51.00% gap=+14.30% elapsed=7126s
[checkpoint-saved] iter=1800
[checkpoint] iter= 2100 (sample n=100x10) entropy=1.4938 greedy=40.50% stochastic=50.60% gap=+10.10% elapsed=8338s
[checkpoint-saved] iter=2100
[checkpoint] iter= 2400 (sample n=100x10) entropy=1.5176 greedy=48.00% stochastic=55.90% gap=+7.90% elapsed=9581s
[checkpoint-saved] iter=2400
[checkpoint] iter= 2700 (FULL n=203x30) entropy=1.5504 greedy=43.35% stochastic=53.76% gap=+10.41% elapsed=11842s
[checkpoint-saved] iter=2700
[checkpoint] iter= 3000 (FULL n=203x30) entropy=1.5121 greedy=36.70% stochastic=53.05% gap=+16.35% elapsed=14088s
[checkpoint-saved] iter=3000
[done] run_tag=easy_cnn_seed0 wrote sweep_results/easy_cnn_seed0.json (greedy=36.70%, stochastic=53.05%)
