array_index=29 -> tier=medium, encoder=gnn, seed=4
[pool] tier=medium n_train=708 n_test=175 train_fp=46cc988a095f337b test_fp=1c494eb02a001f06
[start] run_tag=medium_gnn_seed4 start_iteration=0 n_iterations=3000 entropy_coef=0.01 commit=3f465e0fb5ef34405dd42804c112fb5eb0df9a97
[checkpoint] iter=  300 (sample n=100x10) entropy=1.9096 greedy=13.10% stochastic=30.00% gap=+16.90% elapsed=2013s
[checkpoint-saved] iter=300
[checkpoint] iter=  600 (sample n=100x10) entropy=1.9337 greedy=15.00% stochastic=28.60% gap=+13.60% elapsed=3709s
[checkpoint-saved] iter=600
[checkpoint] iter=  900 (sample n=100x10) entropy=1.8514 greedy=12.80% stochastic=30.20% gap=+17.40% elapsed=5352s
[checkpoint-saved] iter=900
[checkpoint] iter= 1200 (sample n=100x10) entropy=1.8796 greedy=19.80% stochastic=29.10% gap=+9.30% elapsed=6968s
[checkpoint-saved] iter=1200
[checkpoint] iter= 1500 (sample n=100x10) entropy=1.8857 greedy=23.00% stochastic=29.90% gap=+6.90% elapsed=8592s
[checkpoint-saved] iter=1500
[checkpoint] iter= 1800 (sample n=100x10) entropy=1.9158 greedy=18.60% stochastic=28.30% gap=+9.70% elapsed=10329s
[checkpoint-saved] iter=1800
[checkpoint] iter= 2100 (sample n=100x10) entropy=1.8728 greedy=24.70% stochastic=28.10% gap=+3.40% elapsed=12011s
[checkpoint-saved] iter=2100
[checkpoint] iter= 2400 (sample n=100x10) entropy=1.9123 greedy=18.90% stochastic=29.30% gap=+10.40% elapsed=13880s
[checkpoint-saved] iter=2400
[checkpoint] iter= 2700 (FULL n=175x30) entropy=1.7032 greedy=16.67% stochastic=27.28% gap=+10.61% elapsed=16841s
[checkpoint-saved] iter=2700
[checkpoint] iter= 3000 (FULL n=175x30) entropy=1.8837 greedy=15.62% stochastic=26.53% gap=+10.91% elapsed=20168s
[checkpoint-saved] iter=3000
[done] run_tag=medium_gnn_seed4 wrote sweep_results/medium_gnn_seed4.json (greedy=15.62%, stochastic=26.53%)
