array_index=6 -> tier=easy, encoder=vrep, seed=1
[pool] tier=easy n_train=812 n_test=203 train_fp=5273f45be21869b2 test_fp=601ae1a38f60f29f
[start] run_tag=easy_vrep_seed1 start_iteration=0 n_iterations=3000 entropy_coef=0.01 commit=3f465e0fb5ef34405dd42804c112fb5eb0df9a97
[checkpoint] iter=  300 (sample n=100x10) entropy=0.0771 greedy=15.40% stochastic=15.60% gap=+0.20% elapsed=3532s
[checkpoint-saved] iter=300
[checkpoint] iter=  600 (sample n=100x10) entropy=0.7529 greedy=18.30% stochastic=29.10% gap=+10.80% elapsed=7331s
[checkpoint-saved] iter=600
[checkpoint] iter=  900 (sample n=100x10) entropy=1.5067 greedy=6.10% stochastic=23.50% gap=+17.40% elapsed=11290s
[checkpoint-saved] iter=900
[checkpoint] iter= 1200 (sample n=100x10) entropy=0.2984 greedy=6.10% stochastic=7.40% gap=+1.30% elapsed=15934s
[checkpoint-saved] iter=1200
[checkpoint] iter= 1500 (sample n=100x10) entropy=0.3326 greedy=8.10% stochastic=12.70% gap=+4.60% elapsed=20367s
[checkpoint-saved] iter=1500
[checkpoint] iter= 1800 (sample n=100x10) entropy=1.7569 greedy=15.40% stochastic=29.40% gap=+14.00% elapsed=24010s
[checkpoint-saved] iter=1800
[checkpoint] iter= 2100 (sample n=100x10) entropy=1.6220 greedy=6.10% stochastic=29.50% gap=+23.40% elapsed=27873s
[checkpoint-saved] iter=2100
[checkpoint] iter= 2400 (sample n=100x10) entropy=1.1744 greedy=6.10% stochastic=28.30% gap=+22.20% elapsed=31833s
[checkpoint-saved] iter=2400
[checkpoint] iter= 2700 (FULL n=203x30) entropy=1.4937 greedy=8.82% stochastic=28.29% gap=+19.47% elapsed=38641s
[checkpoint-saved] iter=2700
[checkpoint] iter= 3000 (FULL n=203x30) entropy=1.7639 greedy=10.74% stochastic=34.22% gap=+23.48% elapsed=44478s
[checkpoint-saved] iter=3000
[done] run_tag=easy_vrep_seed1 wrote sweep_results/easy_vrep_seed1.json (greedy=10.74%, stochastic=34.22%)
