array_index=15 -> tier=hard, encoder=cnn, seed=0
[pool] tier=hard n_train=694 n_test=168 train_fp=764cc4977f8b6665 test_fp=9516aee04fea91a8
[start] run_tag=hard_cnn_seed0 start_iteration=0 n_iterations=3000 entropy_coef=0.01 commit=68fb953cf6ed58a047dd9cf9da4254bfbcfc0963
[checkpoint] iter=  300 (sample n=100x10) entropy=1.7015 greedy=12.70% stochastic=27.20% gap=+14.50% sim_violations(train_cum=3, eval_this_ckpt=14) elapsed=3682s
[checkpoint-saved] iter=300
[checkpoint] iter=  600 (sample n=100x10) entropy=1.8448 greedy=11.90% stochastic=31.30% gap=+19.40% sim_violations(train_cum=6, eval_this_ckpt=18) elapsed=7162s
[checkpoint-saved] iter=600
[checkpoint] iter=  900 (sample n=100x10) entropy=1.8492 greedy=16.70% stochastic=33.60% gap=+16.90% sim_violations(train_cum=12, eval_this_ckpt=58) elapsed=10485s
[checkpoint-saved] iter=900
[checkpoint] iter= 1200 (sample n=100x10) entropy=1.8800 greedy=19.10% stochastic=30.80% gap=+11.70% sim_violations(train_cum=18, eval_this_ckpt=26) elapsed=13116s
[checkpoint-saved] iter=1200
[checkpoint] iter= 1500 (sample n=100x10) entropy=1.8981 greedy=20.60% stochastic=30.70% gap=+10.10% sim_violations(train_cum=22, eval_this_ckpt=14) elapsed=15956s
[checkpoint-saved] iter=1500
[checkpoint] iter= 1800 (sample n=100x10) entropy=1.9413 greedy=19.80% stochastic=32.30% gap=+12.50% sim_violations(train_cum=28, eval_this_ckpt=10) elapsed=18968s
[checkpoint-saved] iter=1800
[checkpoint] iter= 2100 (sample n=100x10) entropy=1.6637 greedy=16.20% stochastic=29.30% gap=+13.10% sim_violations(train_cum=31, eval_this_ckpt=51) elapsed=21838s
[checkpoint-saved] iter=2100
[checkpoint] iter= 2400 (sample n=100x10) entropy=1.6673 greedy=13.60% stochastic=26.00% gap=+12.40% sim_violations(train_cum=36, eval_this_ckpt=53) elapsed=24931s
[checkpoint-saved] iter=2400
[checkpoint] iter= 2700 (FULL n=168x30) entropy=1.6705 greedy=13.65% stochastic=27.52% gap=+13.87% sim_violations(train_cum=40, eval_this_ckpt=201) elapsed=29731s
[checkpoint-saved] iter=2700
[checkpoint] iter= 3000 (FULL n=168x30) entropy=1.6942 greedy=12.36% stochastic=27.90% gap=+15.54% sim_violations(train_cum=42, eval_this_ckpt=144) elapsed=36502s
[checkpoint-saved] iter=3000
[done] run_tag=hard_cnn_seed0 wrote sweep_results/hard_cnn_seed0.json (greedy=12.36%, stochastic=27.90%, train_sim_violations=42, final_eval_sim_violations=144)
