array_index=11 -> tier=medium, encoder=mlp, seed=1
[pool] tier=medium n_train=708 n_test=175 train_fp=46cc988a095f337b test_fp=1c494eb02a001f06
[start] run_tag=medium_mlp_seed1 start_iteration=0 n_iterations=3000 entropy_coef=0.01 commit=3f465e0fb5ef34405dd42804c112fb5eb0df9a97
[checkpoint] iter=  300 (sample n=100x10) entropy=1.7854 greedy=16.80% stochastic=28.00% gap=+11.20% elapsed=2736s
[checkpoint-saved] iter=300
[checkpoint] iter=  600 (sample n=100x10) entropy=1.9676 greedy=25.70% stochastic=29.80% gap=+4.10% elapsed=5205s
[checkpoint-saved] iter=600
[checkpoint] iter=  900 (sample n=100x10) entropy=1.9445 greedy=20.90% stochastic=30.60% gap=+9.70% elapsed=7802s
[checkpoint-saved] iter=900
[checkpoint] iter= 1200 (sample n=100x10) entropy=1.8631 greedy=15.40% stochastic=28.40% gap=+13.00% elapsed=10477s
[checkpoint-saved] iter=1200
[checkpoint] iter= 1500 (sample n=100x10) entropy=1.9216 greedy=19.70% stochastic=28.70% gap=+9.00% elapsed=13122s
[checkpoint-saved] iter=1500
[checkpoint] iter= 1800 (sample n=100x10) entropy=1.8541 greedy=18.40% stochastic=30.20% gap=+11.80% elapsed=15830s
[checkpoint-saved] iter=1800
[checkpoint] iter= 2100 (sample n=100x10) entropy=1.6926 greedy=15.80% stochastic=29.40% gap=+13.60% elapsed=18664s
[checkpoint-saved] iter=2100
[checkpoint] iter= 2400 (sample n=100x10) entropy=1.6245 greedy=17.80% stochastic=24.80% gap=+7.00% elapsed=21697s
[checkpoint-saved] iter=2400
[checkpoint] iter= 2700 (FULL n=175x30) entropy=1.6263 greedy=19.26% stochastic=27.60% gap=+8.34% elapsed=27778s
[checkpoint-saved] iter=2700
[checkpoint] iter= 3000 (FULL n=175x30) entropy=1.5570 greedy=18.42% stochastic=27.79% gap=+9.37% elapsed=34924s
[checkpoint-saved] iter=3000
[done] run_tag=medium_mlp_seed1 wrote sweep_results/medium_mlp_seed1.json (greedy=18.42%, stochastic=27.79%)
