array_index=6 -> tier=medium, encoder=vrep, seed=1
[pool] tier=medium n_train=708 n_test=175 train_fp=46cc988a095f337b test_fp=1c494eb02a001f06
[start] run_tag=medium_vrep_seed1 start_iteration=0 n_iterations=3000 entropy_coef=0.01 commit=3f465e0fb5ef34405dd42804c112fb5eb0df9a97
[checkpoint] iter=  300 (sample n=100x10) entropy=0.5011 greedy=19.30% stochastic=22.20% gap=+2.90% elapsed=4611s
[checkpoint-saved] iter=300
[checkpoint] iter=  600 (sample n=100x10) entropy=0.7319 greedy=14.10% stochastic=20.40% gap=+6.30% elapsed=8960s
[checkpoint-saved] iter=600
[checkpoint] iter=  900 (sample n=100x10) entropy=1.7944 greedy=13.20% stochastic=26.50% gap=+13.30% elapsed=13025s
[checkpoint-saved] iter=900
[checkpoint] iter= 1200 (sample n=100x10) entropy=1.8815 greedy=16.50% stochastic=30.90% gap=+14.40% elapsed=17182s
[checkpoint-saved] iter=1200
[checkpoint] iter= 1500 (sample n=100x10) entropy=1.9852 greedy=18.40% stochastic=28.90% gap=+10.50% elapsed=21340s
[checkpoint-saved] iter=1500
[checkpoint] iter= 1800 (sample n=100x10) entropy=1.4653 greedy=21.80% stochastic=29.60% gap=+7.80% elapsed=25257s
[checkpoint-saved] iter=1800
[checkpoint] iter= 2100 (sample n=100x10) entropy=1.8732 greedy=21.20% stochastic=27.80% gap=+6.60% elapsed=29236s
[checkpoint-saved] iter=2100
[checkpoint] iter= 2400 (sample n=100x10) entropy=1.9437 greedy=22.80% stochastic=32.00% gap=+9.20% elapsed=33305s
[checkpoint-saved] iter=2400
[checkpoint] iter= 2700 (FULL n=175x30) entropy=1.7020 greedy=15.85% stochastic=30.38% gap=+14.53% elapsed=39699s
[checkpoint-saved] iter=2700
[checkpoint] iter= 3000 (FULL n=175x30) entropy=1.6858 greedy=21.16% stochastic=33.54% gap=+12.38% elapsed=46436s
[checkpoint-saved] iter=3000
[done] run_tag=medium_vrep_seed1 wrote sweep_results/medium_vrep_seed1.json (greedy=21.16%, stochastic=33.54%)
