array_index=27 -> tier=hard, encoder=gnn, seed=2
[pool] tier=hard n_train=694 n_test=168 train_fp=764cc4977f8b6665 test_fp=9516aee04fea91a8
[start] run_tag=hard_gnn_seed2 start_iteration=0 n_iterations=3000 entropy_coef=0.01 commit=68fb953cf6ed58a047dd9cf9da4254bfbcfc0963
[checkpoint] iter=  300 (sample n=100x10) entropy=1.9887 greedy=7.60% stochastic=35.20% gap=+27.60% sim_violations(train_cum=5, eval_this_ckpt=10) elapsed=5770s
[checkpoint-saved] iter=300
[checkpoint] iter=  600 (sample n=100x10) entropy=1.9357 greedy=16.80% stochastic=33.10% gap=+16.30% sim_violations(train_cum=12, eval_this_ckpt=45) elapsed=10353s
[checkpoint-saved] iter=600
[checkpoint] iter=  900 (sample n=100x10) entropy=1.7187 greedy=17.60% stochastic=29.10% gap=+11.50% sim_violations(train_cum=19, eval_this_ckpt=41) elapsed=14469s
[checkpoint-saved] iter=900
[checkpoint] iter= 1200 (sample n=100x10) entropy=1.9027 greedy=17.80% stochastic=29.90% gap=+12.10% sim_violations(train_cum=23, eval_this_ckpt=34) elapsed=19298s
[checkpoint-saved] iter=1200
[checkpoint] iter= 1500 (sample n=100x10) entropy=1.8490 greedy=18.10% stochastic=33.00% gap=+14.90% sim_violations(train_cum=27, eval_this_ckpt=70) elapsed=23511s
[checkpoint-saved] iter=1500
[checkpoint] iter= 1800 (sample n=100x10) entropy=1.8272 greedy=8.70% stochastic=33.40% gap=+24.70% sim_violations(train_cum=30, eval_this_ckpt=59) elapsed=27585s
[checkpoint-saved] iter=1800
[checkpoint] iter= 2100 (sample n=100x10) entropy=1.6995 greedy=14.10% stochastic=29.10% gap=+15.00% sim_violations(train_cum=35, eval_this_ckpt=58) elapsed=32066s
[checkpoint-saved] iter=2100
[checkpoint] iter= 2400 (sample n=100x10) entropy=1.6738 greedy=17.10% stochastic=29.40% gap=+12.30% sim_violations(train_cum=38, eval_this_ckpt=75) elapsed=36694s
[checkpoint-saved] iter=2400
[checkpoint] iter= 2700 (FULL n=168x30) entropy=1.7419 greedy=12.36% stochastic=30.02% gap=+17.66% sim_violations(train_cum=44, eval_this_ckpt=76) elapsed=48786s
[checkpoint-saved] iter=2700
[checkpoint] iter= 3000 (FULL n=168x30) entropy=1.7718 greedy=24.29% stochastic=35.71% gap=+11.43% sim_violations(train_cum=51, eval_this_ckpt=44) elapsed=58588s
[checkpoint-saved] iter=3000
[done] run_tag=hard_gnn_seed2 wrote sweep_results/hard_gnn_seed2.json (greedy=24.29%, stochastic=35.71%, train_sim_violations=51, final_eval_sim_violations=44)
