array_index=8 -> tier=easy, encoder=vrep, seed=3
[pool] tier=easy n_train=812 n_test=203 train_fp=5273f45be21869b2 test_fp=601ae1a38f60f29f
[start] run_tag=easy_vrep_seed3 start_iteration=0 n_iterations=3000 entropy_coef=0.01 commit=3f465e0fb5ef34405dd42804c112fb5eb0df9a97
[checkpoint] iter=  300 (sample n=100x10) entropy=0.0498 greedy=13.90% stochastic=15.20% gap=+1.30% elapsed=3368s
[checkpoint-saved] iter=300
[checkpoint] iter=  600 (sample n=100x10) entropy=0.7512 greedy=18.60% stochastic=28.40% gap=+9.80% elapsed=6897s
[checkpoint-saved] iter=600
[checkpoint] iter=  900 (sample n=100x10) entropy=0.6625 greedy=18.30% stochastic=27.40% gap=+9.10% elapsed=10660s
[checkpoint-saved] iter=900
[checkpoint] iter= 1200 (sample n=100x10) entropy=0.5160 greedy=18.30% stochastic=25.20% gap=+6.90% elapsed=14359s
[checkpoint-saved] iter=1200
[checkpoint] iter= 1500 (sample n=100x10) entropy=1.0393 greedy=19.00% stochastic=31.60% gap=+12.60% elapsed=17843s
[checkpoint-saved] iter=1500
[checkpoint] iter= 1800 (sample n=100x10) entropy=1.6693 greedy=15.20% stochastic=31.70% gap=+16.50% elapsed=21735s
[checkpoint-saved] iter=1800
[checkpoint] iter= 2100 (sample n=100x10) entropy=1.8599 greedy=14.40% stochastic=30.50% gap=+16.10% elapsed=25451s
[checkpoint-saved] iter=2100
[checkpoint] iter= 2400 (sample n=100x10) entropy=1.8560 greedy=24.80% stochastic=32.60% gap=+7.80% elapsed=28951s
[checkpoint-saved] iter=2400
[checkpoint] iter= 2700 (FULL n=203x30) entropy=1.8432 greedy=17.06% stochastic=35.44% gap=+18.37% elapsed=34160s
[checkpoint-saved] iter=2700
[checkpoint] iter= 3000 (FULL n=203x30) entropy=1.8485 greedy=34.35% stochastic=41.15% gap=+6.80% elapsed=38975s
[checkpoint-saved] iter=3000
[done] run_tag=easy_vrep_seed3 wrote sweep_results/easy_vrep_seed3.json (greedy=34.35%, stochastic=41.15%)
