array_index=7 -> tier=easy, encoder=vrep, seed=2
[pool] tier=easy n_train=812 n_test=203 train_fp=5273f45be21869b2 test_fp=601ae1a38f60f29f
[start] run_tag=easy_vrep_seed2 start_iteration=0 n_iterations=3000 entropy_coef=0.01 commit=3f465e0fb5ef34405dd42804c112fb5eb0df9a97
[checkpoint] iter=  300 (sample n=100x10) entropy=0.7250 greedy=18.10% stochastic=20.90% gap=+2.80% elapsed=4452s
[checkpoint-saved] iter=300
[checkpoint] iter=  600 (sample n=100x10) entropy=1.5341 greedy=15.40% stochastic=28.10% gap=+12.70% elapsed=8200s
[checkpoint-saved] iter=600
[checkpoint] iter=  900 (sample n=100x10) entropy=1.5084 greedy=13.50% stochastic=29.30% gap=+15.80% elapsed=12821s
[checkpoint-saved] iter=900
[checkpoint] iter= 1200 (sample n=100x10) entropy=1.9633 greedy=10.70% stochastic=32.50% gap=+21.80% elapsed=17210s
[checkpoint-saved] iter=1200
[checkpoint] iter= 1500 (sample n=100x10) entropy=1.9348 greedy=12.10% stochastic=30.30% gap=+18.20% elapsed=21795s
[checkpoint-saved] iter=1500
[checkpoint] iter= 1800 (sample n=100x10) entropy=1.8764 greedy=22.20% stochastic=30.80% gap=+8.60% elapsed=25523s
[checkpoint-saved] iter=1800
[checkpoint] iter= 2100 (sample n=100x10) entropy=1.6827 greedy=18.10% stochastic=28.70% gap=+10.60% elapsed=29416s
[checkpoint-saved] iter=2100
[checkpoint] iter= 2400 (sample n=100x10) entropy=1.9618 greedy=23.50% stochastic=34.20% gap=+10.70% elapsed=33152s
[checkpoint-saved] iter=2400
[checkpoint] iter= 2700 (FULL n=203x30) entropy=1.9886 greedy=25.22% stochastic=35.35% gap=+10.13% elapsed=38098s
[checkpoint-saved] iter=2700
[checkpoint] iter= 3000 (FULL n=203x30) entropy=1.6996 greedy=29.59% stochastic=42.73% gap=+13.14% elapsed=43854s
[checkpoint-saved] iter=3000
[done] run_tag=easy_vrep_seed2 wrote sweep_results/easy_vrep_seed2.json (greedy=29.59%, stochastic=42.73%)
