array_index=11 -> tier=hard, encoder=mlp, seed=1
[pool] tier=hard n_train=694 n_test=168 train_fp=764cc4977f8b6665 test_fp=9516aee04fea91a8
[start] run_tag=hard_mlp_seed1 start_iteration=0 n_iterations=3000 entropy_coef=0.01 commit=68fb953cf6ed58a047dd9cf9da4254bfbcfc0963
[checkpoint] iter=  300 (sample n=100x10) entropy=1.9212 greedy=14.00% stochastic=30.60% gap=+16.60% sim_violations(train_cum=7, eval_this_ckpt=14) elapsed=7178s
[checkpoint-saved] iter=300
[checkpoint] iter=  600 (sample n=100x10) entropy=1.6778 greedy=18.70% stochastic=29.70% gap=+11.00% sim_violations(train_cum=15, eval_this_ckpt=3) elapsed=14390s
[checkpoint-saved] iter=600
[checkpoint] iter=  900 (sample n=100x10) entropy=1.7067 greedy=15.50% stochastic=27.80% gap=+12.30% sim_violations(train_cum=21, eval_this_ckpt=11) elapsed=20625s
[checkpoint-saved] iter=900
[checkpoint] iter= 1200 (sample n=100x10) entropy=1.5805 greedy=18.60% stochastic=29.60% gap=+11.00% sim_violations(train_cum=26, eval_this_ckpt=3) elapsed=26029s
[checkpoint-saved] iter=1200
[checkpoint] iter= 1500 (sample n=100x10) entropy=1.3122 greedy=22.00% stochastic=28.00% gap=+6.00% sim_violations(train_cum=29, eval_this_ckpt=16) elapsed=31421s
[checkpoint-saved] iter=1500
[checkpoint] iter= 1800 (sample n=100x10) entropy=1.5594 greedy=19.50% stochastic=27.50% gap=+8.00% sim_violations(train_cum=41, eval_this_ckpt=22) elapsed=37134s
[checkpoint-saved] iter=1800
[checkpoint] iter= 2100 (sample n=100x10) entropy=1.4581 greedy=21.70% stochastic=30.10% gap=+8.40% sim_violations(train_cum=46, eval_this_ckpt=11) elapsed=42674s
[checkpoint-saved] iter=2100
[checkpoint] iter= 2400 (sample n=100x10) entropy=1.4622 greedy=19.90% stochastic=28.70% gap=+8.80% sim_violations(train_cum=53, eval_this_ckpt=0) elapsed=47710s
[checkpoint-saved] iter=2400
[checkpoint] iter= 2700 (FULL n=168x30) entropy=1.3908 greedy=14.29% stochastic=22.72% gap=+8.43% sim_violations(train_cum=56, eval_this_ckpt=54) elapsed=58086s
[checkpoint-saved] iter=2700
[checkpoint] iter= 3000 (FULL n=168x30) entropy=1.3646 greedy=15.28% stochastic=22.34% gap=+7.06% sim_violations(train_cum=63, eval_this_ckpt=98) elapsed=68662s
[checkpoint-saved] iter=3000
[done] run_tag=hard_mlp_seed1 wrote sweep_results/hard_mlp_seed1.json (greedy=15.28%, stochastic=22.34%, train_sim_violations=63, final_eval_sim_violations=98)
