array_index=26 -> tier=medium, encoder=gnn, seed=1
[pool] tier=medium n_train=708 n_test=175 train_fp=46cc988a095f337b test_fp=1c494eb02a001f06
[start] run_tag=medium_gnn_seed1 start_iteration=0 n_iterations=3000 entropy_coef=0.01 commit=3f465e0fb5ef34405dd42804c112fb5eb0df9a97
[checkpoint] iter=  300 (sample n=100x10) entropy=1.9355 greedy=12.10% stochastic=32.10% gap=+20.00% elapsed=3193s
[checkpoint-saved] iter=300
[checkpoint] iter=  600 (sample n=100x10) entropy=1.9947 greedy=14.50% stochastic=29.40% gap=+14.90% elapsed=5578s
[checkpoint-saved] iter=600
[checkpoint] iter=  900 (sample n=100x10) entropy=1.9992 greedy=15.40% stochastic=29.00% gap=+13.60% elapsed=8010s
[checkpoint-saved] iter=900
[checkpoint] iter= 1200 (sample n=100x10) entropy=1.9681 greedy=18.40% stochastic=31.50% gap=+13.10% elapsed=10142s
[checkpoint-saved] iter=1200
[checkpoint] iter= 1500 (sample n=100x10) entropy=1.7993 greedy=14.00% stochastic=28.40% gap=+14.40% elapsed=12263s
[checkpoint-saved] iter=1500
[checkpoint] iter= 1800 (sample n=100x10) entropy=1.9576 greedy=22.30% stochastic=29.40% gap=+7.10% elapsed=14518s
[checkpoint-saved] iter=1800
[checkpoint] iter= 2100 (sample n=100x10) entropy=1.8749 greedy=24.10% stochastic=29.20% gap=+5.10% elapsed=16611s
[checkpoint-saved] iter=2100
[checkpoint] iter= 2400 (sample n=100x10) entropy=1.8325 greedy=19.50% stochastic=29.50% gap=+10.00% elapsed=18743s
[checkpoint-saved] iter=2400
[checkpoint] iter= 2700 (FULL n=175x30) entropy=1.8886 greedy=16.46% stochastic=27.71% gap=+11.26% elapsed=22149s
[checkpoint-saved] iter=2700
[checkpoint] iter= 3000 (FULL n=175x30) entropy=1.9349 greedy=23.16% stochastic=29.62% gap=+6.46% elapsed=25347s
[checkpoint-saved] iter=3000
[done] run_tag=medium_gnn_seed1 wrote sweep_results/medium_gnn_seed1.json (greedy=23.16%, stochastic=29.62%)
