array_index=5 -> tier=medium, encoder=vrep, seed=0
[pool] tier=medium n_train=708 n_test=175 train_fp=46cc988a095f337b test_fp=1c494eb02a001f06
[start] run_tag=medium_vrep_seed0 start_iteration=0 n_iterations=3000 entropy_coef=0.01 commit=3f465e0fb5ef34405dd42804c112fb5eb0df9a97
[checkpoint] iter=  300 (sample n=100x10) entropy=0.2798 greedy=14.10% stochastic=17.00% gap=+2.90% elapsed=4568s
[checkpoint-saved] iter=300
[checkpoint] iter=  600 (sample n=100x10) entropy=1.1584 greedy=18.40% stochastic=25.60% gap=+7.20% elapsed=8877s
[checkpoint-saved] iter=600
[checkpoint] iter=  900 (sample n=100x10) entropy=1.3013 greedy=13.70% stochastic=24.70% gap=+11.00% elapsed=13030s
[checkpoint-saved] iter=900
[checkpoint] iter= 1200 (sample n=100x10) entropy=0.9801 greedy=15.00% stochastic=23.20% gap=+8.20% elapsed=17160s
[checkpoint-saved] iter=1200
[checkpoint] iter= 1500 (sample n=100x10) entropy=1.8465 greedy=18.50% stochastic=29.90% gap=+11.40% elapsed=21251s
[checkpoint-saved] iter=1500
[checkpoint] iter= 1800 (sample n=100x10) entropy=1.8876 greedy=18.10% stochastic=26.80% gap=+8.70% elapsed=25453s
[checkpoint-saved] iter=1800
[checkpoint] iter= 2100 (sample n=100x10) entropy=1.7076 greedy=18.60% stochastic=28.40% gap=+9.80% elapsed=29932s
[checkpoint-saved] iter=2100
[checkpoint] iter= 2400 (sample n=100x10) entropy=1.8933 greedy=18.20% stochastic=29.10% gap=+10.90% elapsed=34211s
[checkpoint-saved] iter=2400
[checkpoint] iter= 2700 (FULL n=175x30) entropy=1.8195 greedy=14.63% stochastic=27.96% gap=+13.33% elapsed=40838s
[checkpoint-saved] iter=2700
[checkpoint] iter= 3000 (FULL n=175x30) entropy=1.7993 greedy=19.94% stochastic=34.25% gap=+14.30% elapsed=46989s
[checkpoint-saved] iter=3000
[done] run_tag=medium_vrep_seed0 wrote sweep_results/medium_vrep_seed0.json (greedy=19.94%, stochastic=34.25%)
