array_index=5 -> tier=easy, encoder=vrep, seed=0
[pool] tier=easy n_train=812 n_test=203 train_fp=5273f45be21869b2 test_fp=601ae1a38f60f29f
[start] run_tag=easy_vrep_seed0 start_iteration=0 n_iterations=3000 entropy_coef=0.01 commit=3f465e0fb5ef34405dd42804c112fb5eb0df9a97
[checkpoint] iter=  300 (sample n=100x10) entropy=0.5974 greedy=18.50% stochastic=23.20% gap=+4.70% elapsed=2627s
[checkpoint-saved] iter=300
[checkpoint] iter=  600 (sample n=100x10) entropy=0.6045 greedy=6.10% stochastic=11.70% gap=+5.60% elapsed=5693s
[checkpoint-saved] iter=600
[checkpoint] iter=  900 (sample n=100x10) entropy=0.4291 greedy=8.10% stochastic=10.30% gap=+2.20% elapsed=8935s
[checkpoint-saved] iter=900
[checkpoint] iter= 1200 (sample n=100x10) entropy=0.7119 greedy=8.10% stochastic=15.40% gap=+7.30% elapsed=12072s
[checkpoint-saved] iter=1200
[checkpoint] iter= 1500 (sample n=100x10) entropy=0.6812 greedy=6.00% stochastic=14.00% gap=+8.00% elapsed=15159s
[checkpoint-saved] iter=1500
[checkpoint] iter= 1800 (sample n=100x10) entropy=0.0565 greedy=6.10% stochastic=6.30% gap=+0.20% elapsed=18454s
[checkpoint-saved] iter=1800
[checkpoint] iter= 2100 (sample n=100x10) entropy=0.6079 greedy=6.10% stochastic=13.30% gap=+7.20% elapsed=21557s
[checkpoint-saved] iter=2100
[checkpoint] iter= 2400 (sample n=100x10) entropy=1.7538 greedy=8.10% stochastic=32.30% gap=+24.20% elapsed=24461s
[checkpoint-saved] iter=2400
[checkpoint] iter= 2700 (FULL n=203x30) entropy=1.9141 greedy=19.87% stochastic=31.69% gap=+11.82% elapsed=28202s
[checkpoint-saved] iter=2700
[checkpoint] iter= 3000 (FULL n=203x30) entropy=1.3940 greedy=14.91% stochastic=31.58% gap=+16.67% elapsed=32931s
[checkpoint-saved] iter=3000
[done] run_tag=easy_vrep_seed0 wrote sweep_results/easy_vrep_seed0.json (greedy=14.91%, stochastic=31.58%)
