array_index=17 -> tier=easy, encoder=cnn, seed=2
[pool] tier=easy n_train=812 n_test=203 train_fp=5273f45be21869b2 test_fp=601ae1a38f60f29f
[start] run_tag=easy_cnn_seed2 start_iteration=0 n_iterations=3000 entropy_coef=0.01 commit=3f465e0fb5ef34405dd42804c112fb5eb0df9a97
[checkpoint] iter=  300 (sample n=100x10) entropy=1.8931 greedy=18.80% stochastic=29.10% gap=+10.30% elapsed=1111s
[checkpoint-saved] iter=300
[checkpoint] iter=  600 (sample n=100x10) entropy=1.7488 greedy=21.20% stochastic=28.60% gap=+7.40% elapsed=2244s
[checkpoint-saved] iter=600
[checkpoint] iter=  900 (sample n=100x10) entropy=1.3663 greedy=42.40% stochastic=45.20% gap=+2.80% elapsed=3403s
[checkpoint-saved] iter=900
[checkpoint] iter= 1200 (sample n=100x10) entropy=1.4622 greedy=28.00% stochastic=47.60% gap=+19.60% elapsed=4765s
[checkpoint-saved] iter=1200
[checkpoint] iter= 1500 (sample n=100x10) entropy=1.3900 greedy=34.40% stochastic=49.20% gap=+14.80% elapsed=6151s
[checkpoint-saved] iter=1500
[checkpoint] iter= 1800 (sample n=100x10) entropy=1.3420 greedy=25.50% stochastic=47.90% gap=+22.40% elapsed=7621s
[checkpoint-saved] iter=1800
[checkpoint] iter= 2100 (sample n=100x10) entropy=1.4695 greedy=39.20% stochastic=54.40% gap=+15.20% elapsed=8948s
[checkpoint-saved] iter=2100
[checkpoint] iter= 2400 (sample n=100x10) entropy=1.4365 greedy=39.30% stochastic=51.10% gap=+11.80% elapsed=10270s
[checkpoint-saved] iter=2400
[checkpoint] iter= 2700 (FULL n=203x30) entropy=1.3776 greedy=29.31% stochastic=51.44% gap=+22.13% elapsed=12625s
[checkpoint-saved] iter=2700
[checkpoint] iter= 3000 (FULL n=203x30) entropy=1.3161 greedy=47.88% stochastic=52.86% gap=+4.98% elapsed=14343s
[checkpoint-saved] iter=3000
[done] run_tag=easy_cnn_seed2 wrote sweep_results/easy_cnn_seed2.json (greedy=47.88%, stochastic=52.86%)
