array_index=17 -> tier=hard, encoder=cnn, seed=2
[pool] tier=hard n_train=694 n_test=168 train_fp=764cc4977f8b6665 test_fp=9516aee04fea91a8
[start] run_tag=hard_cnn_seed2 start_iteration=0 n_iterations=3000 entropy_coef=0.01 commit=68fb953cf6ed58a047dd9cf9da4254bfbcfc0963
[checkpoint] iter=  300 (sample n=100x10) entropy=1.8177 greedy=19.00% stochastic=31.40% gap=+12.40% sim_violations(train_cum=7, eval_this_ckpt=31) elapsed=4691s
[checkpoint-saved] iter=300
[checkpoint] iter=  600 (sample n=100x10) entropy=1.7133 greedy=22.10% stochastic=30.70% gap=+8.60% sim_violations(train_cum=11, eval_this_ckpt=63) elapsed=8943s
[checkpoint-saved] iter=600
[checkpoint] iter=  900 (sample n=100x10) entropy=1.6794 greedy=17.80% stochastic=30.20% gap=+12.40% sim_violations(train_cum=14, eval_this_ckpt=75) elapsed=12171s
[checkpoint-saved] iter=900
[checkpoint] iter= 1200 (sample n=100x10) entropy=1.3042 greedy=16.40% stochastic=27.30% gap=+10.90% sim_violations(train_cum=16, eval_this_ckpt=83) elapsed=16069s
[checkpoint-saved] iter=1200
[checkpoint] iter= 1500 (sample n=100x10) entropy=1.7204 greedy=19.40% stochastic=31.60% gap=+12.20% sim_violations(train_cum=20, eval_this_ckpt=36) elapsed=20464s
[checkpoint-saved] iter=1500
[checkpoint] iter= 1800 (sample n=100x10) entropy=1.8019 greedy=18.50% stochastic=33.60% gap=+15.10% sim_violations(train_cum=24, eval_this_ckpt=67) elapsed=23879s
[checkpoint-saved] iter=1800
[checkpoint] iter= 2100 (sample n=100x10) entropy=1.5619 greedy=14.00% stochastic=29.30% gap=+15.30% sim_violations(train_cum=34, eval_this_ckpt=78) elapsed=27123s
[checkpoint-saved] iter=2100
[checkpoint] iter= 2400 (sample n=100x10) entropy=1.6775 greedy=14.00% stochastic=30.50% gap=+16.50% sim_violations(train_cum=40, eval_this_ckpt=54) elapsed=30885s
[checkpoint-saved] iter=2400
[checkpoint] iter= 2700 (FULL n=168x30) entropy=1.8272 greedy=13.69% stochastic=26.69% gap=+13.00% sim_violations(train_cum=43, eval_this_ckpt=191) elapsed=38785s
[checkpoint-saved] iter=2700
[checkpoint] iter= 3000 (FULL n=168x30) entropy=1.7674 greedy=11.35% stochastic=27.56% gap=+16.21% sim_violations(train_cum=44, eval_this_ckpt=59) elapsed=58350s
[checkpoint-saved] iter=3000
[done] run_tag=hard_cnn_seed2 wrote sweep_results/hard_cnn_seed2.json (greedy=11.35%, stochastic=27.56%, train_sim_violations=44, final_eval_sim_violations=59)
