array_index=29 -> tier=hard, encoder=gnn, seed=4
[pool] tier=hard n_train=694 n_test=168 train_fp=764cc4977f8b6665 test_fp=9516aee04fea91a8
[start] run_tag=hard_gnn_seed4 start_iteration=0 n_iterations=3000 entropy_coef=0.01 commit=68fb953cf6ed58a047dd9cf9da4254bfbcfc0963
[checkpoint] iter=  300 (sample n=100x10) entropy=1.8148 greedy=16.60% stochastic=30.70% gap=+14.10% sim_violations(train_cum=4, eval_this_ckpt=37) elapsed=4052s
[checkpoint-saved] iter=300
[checkpoint] iter=  600 (sample n=100x10) entropy=1.9633 greedy=17.70% stochastic=31.90% gap=+14.20% sim_violations(train_cum=9, eval_this_ckpt=12) elapsed=9072s
[checkpoint-saved] iter=600
[checkpoint] iter=  900 (sample n=100x10) entropy=1.9433 greedy=20.50% stochastic=32.50% gap=+12.00% sim_violations(train_cum=14, eval_this_ckpt=18) elapsed=12972s
[checkpoint-saved] iter=900
[checkpoint] iter= 1200 (sample n=100x10) entropy=1.9478 greedy=21.10% stochastic=33.10% gap=+12.00% sim_violations(train_cum=19, eval_this_ckpt=6) elapsed=17876s
[checkpoint-saved] iter=1200
[checkpoint] iter= 1500 (sample n=100x10) entropy=1.8609 greedy=16.80% stochastic=30.80% gap=+14.00% sim_violations(train_cum=22, eval_this_ckpt=60) elapsed=21882s
[checkpoint-saved] iter=1500
[checkpoint] iter= 1800 (sample n=100x10) entropy=1.7792 greedy=23.00% stochastic=30.70% gap=+7.70% sim_violations(train_cum=27, eval_this_ckpt=25) elapsed=26347s
[checkpoint-saved] iter=1800
[checkpoint] iter= 2100 (sample n=100x10) entropy=1.8158 greedy=19.30% stochastic=32.00% gap=+12.70% sim_violations(train_cum=31, eval_this_ckpt=66) elapsed=30599s
[checkpoint-saved] iter=2100
[checkpoint] iter= 2400 (sample n=100x10) entropy=1.7588 greedy=16.10% stochastic=33.10% gap=+17.00% sim_violations(train_cum=37, eval_this_ckpt=26) elapsed=35427s
[checkpoint-saved] iter=2400
[checkpoint] iter= 2700 (FULL n=168x30) entropy=1.6099 greedy=13.25% stochastic=25.40% gap=+12.14% sim_violations(train_cum=40, eval_this_ckpt=126) elapsed=53124s
[checkpoint-saved] iter=2700
[checkpoint] iter= 3000 (FULL n=168x30) entropy=1.8822 greedy=29.50% stochastic=39.35% gap=+9.84% sim_violations(train_cum=48, eval_this_ckpt=68) elapsed=60328s
[checkpoint-saved] iter=3000
[done] run_tag=hard_gnn_seed4 wrote sweep_results/hard_gnn_seed4.json (greedy=29.50%, stochastic=39.35%, train_sim_violations=48, final_eval_sim_violations=68)
