array_index=10 -> tier=medium, encoder=mlp, seed=0
[pool] tier=medium n_train=708 n_test=175 train_fp=46cc988a095f337b test_fp=1c494eb02a001f06
[start] run_tag=medium_mlp_seed0 start_iteration=0 n_iterations=3000 entropy_coef=0.01 commit=3f465e0fb5ef34405dd42804c112fb5eb0df9a97
[checkpoint] iter=  300 (sample n=100x10) entropy=1.8799 greedy=16.60% stochastic=25.00% gap=+8.40% elapsed=2734s
[checkpoint-saved] iter=300
[checkpoint] iter=  600 (sample n=100x10) entropy=1.9286 greedy=18.10% stochastic=28.50% gap=+10.40% elapsed=5274s
[checkpoint-saved] iter=600
[checkpoint] iter=  900 (sample n=100x10) entropy=1.7745 greedy=16.00% stochastic=27.80% gap=+11.80% elapsed=8262s
[checkpoint-saved] iter=900
[checkpoint] iter= 1200 (sample n=100x10) entropy=1.8137 greedy=17.80% stochastic=26.50% gap=+8.70% elapsed=11089s
[checkpoint-saved] iter=1200
[checkpoint] iter= 1500 (sample n=100x10) entropy=1.7348 greedy=17.00% stochastic=24.80% gap=+7.80% elapsed=14054s
[checkpoint-saved] iter=1500
[checkpoint] iter= 1800 (sample n=100x10) entropy=1.6637 greedy=14.80% stochastic=26.40% gap=+11.60% elapsed=16773s
[checkpoint-saved] iter=1800
[checkpoint] iter= 2100 (sample n=100x10) entropy=1.4786 greedy=12.90% stochastic=23.80% gap=+10.90% elapsed=19841s
[checkpoint-saved] iter=2100
[checkpoint] iter= 2400 (sample n=100x10) entropy=1.5689 greedy=13.80% stochastic=25.40% gap=+11.60% elapsed=22745s
[checkpoint-saved] iter=2400
[checkpoint] iter= 2700 (FULL n=175x30) entropy=1.4983 greedy=15.96% stochastic=26.72% gap=+10.76% elapsed=29035s
[checkpoint-saved] iter=2700
[checkpoint] iter= 3000 (FULL n=175x30) entropy=1.4945 greedy=18.93% stochastic=24.99% gap=+6.06% elapsed=34035s
[checkpoint-saved] iter=3000
[done] run_tag=medium_mlp_seed0 wrote sweep_results/medium_mlp_seed0.json (greedy=18.93%, stochastic=24.99%)
