array_index=14 -> tier=hard, encoder=mlp, seed=4
[pool] tier=hard n_train=694 n_test=168 train_fp=764cc4977f8b6665 test_fp=9516aee04fea91a8
[start] run_tag=hard_mlp_seed4 start_iteration=0 n_iterations=3000 entropy_coef=0.01 commit=68fb953cf6ed58a047dd9cf9da4254bfbcfc0963
[checkpoint] iter=  300 (sample n=100x10) entropy=1.9115 greedy=18.80% stochastic=32.50% gap=+13.70% sim_violations(train_cum=7, eval_this_ckpt=22) elapsed=5324s
[checkpoint-saved] iter=300
[checkpoint] iter=  600 (sample n=100x10) entropy=1.7801 greedy=12.60% stochastic=27.70% gap=+15.10% sim_violations(train_cum=11, eval_this_ckpt=23) elapsed=11401s
[checkpoint-saved] iter=600
[checkpoint] iter=  900 (sample n=100x10) entropy=1.5913 greedy=15.90% stochastic=29.10% gap=+13.20% sim_violations(train_cum=21, eval_this_ckpt=3) elapsed=17151s
[checkpoint-saved] iter=900
[checkpoint] iter= 1200 (sample n=100x10) entropy=1.4184 greedy=19.50% stochastic=31.30% gap=+11.80% sim_violations(train_cum=36, eval_this_ckpt=0) elapsed=22967s
[checkpoint-saved] iter=1200
[checkpoint] iter= 1500 (sample n=100x10) entropy=1.5070 greedy=17.20% stochastic=29.60% gap=+12.40% sim_violations(train_cum=41, eval_this_ckpt=6) elapsed=29260s
[checkpoint-saved] iter=1500
[checkpoint] iter= 1800 (sample n=100x10) entropy=1.5862 greedy=20.10% stochastic=29.90% gap=+9.80% sim_violations(train_cum=45, eval_this_ckpt=7) elapsed=35168s
[checkpoint-saved] iter=1800
[checkpoint] iter= 2100 (sample n=100x10) entropy=1.4711 greedy=17.10% stochastic=28.10% gap=+11.00% sim_violations(train_cum=52, eval_this_ckpt=8) elapsed=40925s
[checkpoint-saved] iter=2100
[checkpoint] iter= 2400 (sample n=100x10) entropy=1.4058 greedy=13.30% stochastic=26.60% gap=+13.30% sim_violations(train_cum=57, eval_this_ckpt=3) elapsed=46090s
[checkpoint-saved] iter=2400
[checkpoint] iter= 2700 (FULL n=168x30) entropy=1.3764 greedy=17.50% stochastic=24.33% gap=+6.83% sim_violations(train_cum=64, eval_this_ckpt=14) elapsed=56525s
[checkpoint-saved] iter=2700
[checkpoint] iter= 3000 (FULL n=168x30) entropy=1.2943 greedy=19.50% stochastic=24.05% gap=+4.54% sim_violations(train_cum=64, eval_this_ckpt=30) elapsed=65797s
[checkpoint-saved] iter=3000
[done] run_tag=hard_mlp_seed4 wrote sweep_results/hard_mlp_seed4.json (greedy=19.50%, stochastic=24.05%, train_sim_violations=64, final_eval_sim_violations=30)
