array_index=20 -> tier=hard, encoder=relational, seed=0
[pool] tier=hard n_train=694 n_test=168 train_fp=764cc4977f8b6665 test_fp=9516aee04fea91a8
[resume] hard_relational_seed0 loaded checkpoint at iteration=600, episode_count=6126, train_sim_violations=1
[start] run_tag=hard_relational_seed0 start_iteration=600 n_iterations=3000 entropy_coef=0.01 commit=26506059d307e53784ef4b44c03768fa7e000522
[checkpoint] iter=  900 (sample n=100x10) entropy=0.0683 greedy=11.20% stochastic=13.00% gap=+1.80% sim_violations(train_cum=2, eval_this_ckpt=0) elapsed=13819s
[checkpoint-saved] iter=900
[checkpoint] iter= 1200 (sample n=100x10) entropy=0.7054 greedy=14.00% stochastic=20.90% gap=+6.90% sim_violations(train_cum=5, eval_this_ckpt=97) elapsed=23089s
[checkpoint-saved] iter=1200
[checkpoint] iter= 1500 (sample n=100x10) entropy=1.8022 greedy=12.30% stochastic=30.80% gap=+18.50% sim_violations(train_cum=11, eval_this_ckpt=25) elapsed=33062s
[checkpoint-saved] iter=1500
[checkpoint] iter= 1800 (sample n=100x10) entropy=1.7269 greedy=11.20% stochastic=30.20% gap=+19.00% sim_violations(train_cum=13, eval_this_ckpt=47) elapsed=44144s
[checkpoint-saved] iter=1800
[checkpoint] iter= 2100 (sample n=100x10) entropy=1.6338 greedy=17.90% stochastic=44.10% gap=+26.20% sim_violations(train_cum=18, eval_this_ckpt=10) elapsed=53951s
[checkpoint-saved] iter=2100
[checkpoint] iter= 2400 (sample n=100x10) entropy=1.6074 greedy=22.50% stochastic=35.90% gap=+13.40% sim_violations(train_cum=27, eval_this_ckpt=43) elapsed=62267s
[checkpoint-saved] iter=2400
[checkpoint] iter= 2700 (FULL n=168x30) entropy=1.5737 greedy=25.71% stochastic=48.19% gap=+22.48% sim_violations(train_cum=35, eval_this_ckpt=65) elapsed=81553s
[checkpoint-saved] iter=2700
[checkpoint] iter= 3000 (FULL n=168x30) entropy=1.2220 greedy=27.36% stochastic=51.87% gap=+24.50% sim_violations(train_cum=44, eval_this_ckpt=71) elapsed=101752s
[checkpoint-saved] iter=3000
[done] run_tag=hard_relational_seed0 wrote sweep_results/hard_relational_seed0.json (greedy=27.36%, stochastic=51.87%, train_sim_violations=44, final_eval_sim_violations=71)
